// Jest Snapshot v1, https://goo.gl/fbAQLP

exports[`<ReadyButton /> renders 1`] = `
<DocumentFragment>
  <button
    class="px-10 py-4 text-white font-semibold bg-sky-950  hover:bg-sky-700 rounded-md"
  >
    READY!
  </button>
</DocumentFragment>
`;
